// Jest Snapshot v1, https://goo.gl/fbAQLP

exports[`<Table /> should match snapshot 1`] = `
.c0 {
  border: 1px solid #ccc;
  color: black;
  width: 100%;
  margin: 2rem 0;
  border-collapse: collapse;
  word-break: keep-all;
}

.c0 thead {
  background-color: #cccccc;
  text-align: center;
}

.c0 th {
  vertical-align: bottom;
  padding: 0.3rem;
}

.c0 td {
  border: 1px solid #ccc;
  padding: 0.3rem;
}

<table
  class="c0"
>
  <thead>
    <tr>
      <th>
        #
      </th>
      <th>
        Title
      </th>
      <th>
        Completed
      </th>
    </tr>
  </thead>
  <tbody>
    <tr>
      <td>
        1
      </td>
      <td>
        hi
      </td>
      <td>
        yes
      </td>
    </tr>
    <tr>
      <td>
        2
      </td>
      <td>
        hello
      </td>
      <td>
        no
      </td>
    </tr>
  </tbody>
</table>
`;

exports[`<Table /> should match snapshot with noResult 1`] = `
.c0 {
  color: white;
  background-color: #e43c3c;
  padding: 0.75rem 1.25rem;
  margin-bottom: 1rem;
  border-radius: 0.25rem;
  font-weight: bold;
  margin: 2rem 0;
}

<div
  class="c0"
  role="alert"
>
  text
</div>
`;
